// Vitest Snapshot v1, https://vitest.dev/guide/snapshot.html

exports[`SidebarNav > matches the stable-markup snapshot 1`] = `
<nav
  aria-label="Documentation tree"
  class="px-4 py-5 text-sm"
>
  <ul
    class="space-y-0.5"
  >
    <li
      data-pb-nav-item="folder"
    >
      <div
        class="flex items-center"
      >
        <button
          aria-controls="pb-folder-children-guides"
          aria-expanded="true"
          aria-label="Collapse Guides"
          class="rounded p-1 text-faint hover:bg-hovered hover:text-ink disabled:invisible"
          data-pb-folder-toggle="true"
          type="button"
        >
          <span
            aria-hidden="true"
            class="pb-folder-caret"
          />
        </button>
        <a
          class="flex min-w-0 flex-1 items-center rounded px-2 py-1 font-semibold text-ink hover:bg-hovered hover:text-ink"
          href="/docs/guides"
        >
          <span
            class="min-w-0 truncate"
            title="Guides"
          >
            Guides
          </span>
        </a>
      </div>
      <div
        class="ml-3 border-l border-edge pl-2"
        id="pb-folder-children-guides"
      >
        <ul
          class="space-y-0.5"
        >
          <li
            data-pb-nav-item="page"
          >
            <a
              aria-current="page"
              class="flex items-center rounded px-2 py-1 text-ink"
              data-pb-status="active"
              href="/docs/guides/deploy-guide"
            >
              <svg
                aria-hidden="true"
                class="pb-nav-page-icon mr-2 shrink-0 text-faint"
                fill="none"
                height="16"
                stroke="currentColor"
                stroke-linecap="round"
                stroke-linejoin="round"
                stroke-width="1.5"
                viewBox="0 0 18 20"
                width="14"
              >
                <path
                  d="M10.5 2H4a1 1 0 0 0-1 1v14a1 1 0 0 0 1 1h10a1 1 0 0 0 1-1V6.5L10.5 2Z"
                />
                <path
                  d="M10 2v5h5M6 11h6M6 14h4"
                />
              </svg>
              <span
                class="min-w-0 truncate"
                title="Deploy Guide"
              >
                Deploy Guide
              </span>
            </a>
          </li>
        </ul>
      </div>
    </li>
    <li
      data-pb-nav-item="folder"
    >
      <div
        class="flex items-center"
      >
        <button
          aria-controls="pb-folder-children-shadowed-folder"
          aria-expanded="true"
          aria-label="Collapse Shadowed folder"
          class="rounded p-1 text-faint hover:bg-hovered hover:text-ink disabled:invisible"
          data-pb-folder-toggle="true"
          type="button"
        >
          <span
            aria-hidden="true"
            class="pb-folder-caret"
          />
        </button>
        <span
          class="flex min-w-0 flex-1 items-center px-2 py-1 font-semibold text-ink"
        >
          <span
            class="min-w-0 truncate"
            title="Shadowed folder"
          >
            Shadowed folder
          </span>
        </span>
      </div>
      <div
        class="ml-3 border-l border-edge pl-2"
        id="pb-folder-children-shadowed-folder"
      >
        <ul
          class="space-y-0.5"
        >
          <li
            data-pb-nav-item="page"
          >
            <a
              class="flex items-center rounded px-2 py-1 text-ink hover:bg-hovered"
              data-pb-status="active"
              href="/p/docs/0197b1c0-5e2a-7b34-9c1d-2f6a8e4b7d99"
            >
              <svg
                aria-hidden="true"
                class="pb-nav-page-icon mr-2 shrink-0 text-faint"
                fill="none"
                height="16"
                stroke="currentColor"
                stroke-linecap="round"
                stroke-linejoin="round"
                stroke-width="1.5"
                viewBox="0 0 18 20"
                width="14"
              >
                <path
                  d="M10.5 2H4a1 1 0 0 0-1 1v14a1 1 0 0 0 1 1h10a1 1 0 0 0 1-1V6.5L10.5 2Z"
                />
                <path
                  d="M10 2v5h5M6 11h6M6 14h4"
                />
              </svg>
              <span
                class="min-w-0 truncate"
                title="Shadowed Page"
              >
                Shadowed Page
              </span>
            </a>
          </li>
        </ul>
      </div>
    </li>
  </ul>
</nav>
`;
