// Vitest Snapshot v1, https://vitest.dev/guide/snapshot.html

exports[`SidebarNav > matches the stable-markup snapshot 1`] = `
<nav
  aria-label="Documentation tree"
  class="px-4 py-5 text-sm"
>
  <ul
    class="space-y-0.5"
  >
    <li
      data-pb-nav-item="folder"
    >
      <div
        class="flex items-center"
      >
        <button
          aria-controls="pb-folder-children-guides"
          aria-expanded="true"
          aria-label="Collapse Guides"
          class="rounded p-1 text-faint hover:bg-hovered hover:text-ink disabled:invisible"
          data-pb-folder-toggle="true"
          type="button"
        >
          <span
            aria-hidden="true"
            class="pb-folder-caret"
          />
        </button>
        <a
          class="flex flex-1 items-center rounded px-2 py-1 font-semibold text-ink hover:bg-hovered hover:text-ink"
          href="/docs/guides"
        >
          <span
            class="min-w-0"
          >
            Guides
          </span>
        </a>
      </div>
      <div
        class="ml-3 border-l border-edge pl-2"
        id="pb-folder-children-guides"
      >
        <ul
          class="space-y-0.5"
        >
          <li
            data-pb-nav-item="page"
          >
            <a
              aria-current="page"
              class="flex items-center rounded px-2 py-1 text-ink"
              data-pb-status="active"
              href="/docs/guides/deploy-guide"
            >
              <span
                class="min-w-0"
              >
                Deploy Guide
              </span>
            </a>
          </li>
        </ul>
      </div>
    </li>
    <li
      data-pb-nav-item="folder"
    >
      <div
        class="flex items-center"
      >
        <button
          aria-controls="pb-folder-children-shadowed-folder"
          aria-expanded="true"
          aria-label="Collapse shadowed-folder"
          class="rounded p-1 text-faint hover:bg-hovered hover:text-ink disabled:invisible"
          data-pb-folder-toggle="true"
          type="button"
        >
          <span
            aria-hidden="true"
            class="pb-folder-caret"
          />
        </button>
        <span
          class="flex flex-1 items-center px-2 py-1 font-semibold text-ink"
        >
          <span
            class="min-w-0"
          >
            shadowed-folder
          </span>
        </span>
      </div>
      <div
        class="ml-3 border-l border-edge pl-2"
        id="pb-folder-children-shadowed-folder"
      >
        <ul
          class="space-y-0.5"
        >
          <li
            data-pb-nav-item="page"
          >
            <a
              class="flex items-center rounded px-2 py-1 text-ink hover:bg-hovered"
              data-pb-status="active"
              href="/p/docs/0197b1c0-5e2a-7b34-9c1d-2f6a8e4b7d99"
            >
              <span
                class="min-w-0"
              >
                Shadowed Page
              </span>
            </a>
          </li>
        </ul>
      </div>
    </li>
  </ul>
</nav>
`;
